#-----------------------------------------------------------
# Vivado v2020.1 (64-bit)
# SW Build 2902540 on Wed May 27 19:54:49 MDT 2020
# IP Build 2902112 on Wed May 27 22:43:36 MDT 2020
# Start of session at: Wed Dec 16 16:33:47 2020
# Process ID: 18752
# Current directory: D:/verlog_file/fzthetruth/TheTruth
# Command line: vivado.exe -gui_launcher_event rodinguilauncherevent264 D:\verlog_file\fzthetruth\TheTruth\TheTruth.xpr
# Log file: D:/verlog_file/fzthetruth/TheTruth/vivado.log
# Journal file: D:/verlog_file/fzthetruth/TheTruth\vivado.jou
#-----------------------------------------------------------
start_gui
open_project D:/verlog_file/fzthetruth/TheTruth/TheTruth.xpr
update_compile_order -fileset sources_1
launch_simulation
source main_sm.tcl
close_sim
launch_simulation
source main_sm.tcl
# Disabling source management mode.  This is to allow the top design properties to be set without GUI intervention.
set_property source_mgmt_mode None [current_project]
set_property top clock_status_sm [get_filesets sim_1]
set_property top_lib xil_defaultlib [get_filesets sim_1]
# Re-enabling previously disabled source management mode.
set_property source_mgmt_mode All [current_project]
update_compile_order -fileset sim_1
launch_simulation
launch_simulation
launch_simulation
launch_simulation
launch_simulation
reset_project
launch_simulation
close_sim
